Archive member included to satisfy reference by file (symbol)

c:/program files (x86)/atmel/studio/7.0/toolchain/avr8/avr8-gnu-toolchain/bin/../lib/gcc/avr/4.9.2/avrxmega7\libgcc.a(_udivmodsi4.o)
                              src/include/timers.o (__udivmodsi4)
c:/program files (x86)/atmel/studio/7.0/toolchain/avr8/avr8-gnu-toolchain/bin/../lib/gcc/avr/4.9.2/avrxmega7\libgcc.a(_exit.o)
                              C:/Program Files (x86)/Atmel/Studio/7.0/Packs/atmel/XMEGAA_DFP/1.0.38/gcc/dev/atxmega128a1u/avrxmega7/crtatxmega128a1u.o (exit)
c:/program files (x86)/atmel/studio/7.0/toolchain/avr8/avr8-gnu-toolchain/bin/../lib/gcc/avr/4.9.2/avrxmega7\libgcc.a(_clear_bss.o)
                              src/include/usart.o (__do_clear_bss)
c:/program files (x86)/atmel/studio/7.0/toolchain/avr8/avr8-gnu-toolchain/bin/../lib/gcc/avr/4.9.2/../../../../avr/lib/avrxmega7\libc.a(atol.o)
                              src/include/usart.o (atol)
c:/program files (x86)/atmel/studio/7.0/toolchain/avr8/avr8-gnu-toolchain/bin/../lib/gcc/avr/4.9.2/../../../../avr/lib/avrxmega7\libc.a(strtok.o)
                              src/include/usart.o (strtok)
c:/program files (x86)/atmel/studio/7.0/toolchain/avr8/avr8-gnu-toolchain/bin/../lib/gcc/avr/4.9.2/../../../../avr/lib/avrxmega7\libc.a(strtok_r.o)
                              c:/program files (x86)/atmel/studio/7.0/toolchain/avr8/avr8-gnu-toolchain/bin/../lib/gcc/avr/4.9.2/../../../../avr/lib/avrxmega7\libc.a(strtok.o) (strtok_r)
c:/program files (x86)/atmel/studio/7.0/toolchain/avr8/avr8-gnu-toolchain/bin/../lib/gcc/avr/4.9.2/../../../../avr/lib/avrxmega7\libc.a(mulsi10.o)
                              c:/program files (x86)/atmel/studio/7.0/toolchain/avr8/avr8-gnu-toolchain/bin/../lib/gcc/avr/4.9.2/../../../../avr/lib/avrxmega7\libc.a(atol.o) (__mulsi_const_10)

Allocating common symbols
Common symbol       size              file

usart_buffer        0x32              src/include/usart.o

Discarded input sections

 .data          0x00000000        0x0 C:/Program Files (x86)/Atmel/Studio/7.0/Packs/atmel/XMEGAA_DFP/1.0.38/gcc/dev/atxmega128a1u/avrxmega7/crtatxmega128a1u.o
 .bss           0x00000000        0x0 C:/Program Files (x86)/Atmel/Studio/7.0/Packs/atmel/XMEGAA_DFP/1.0.38/gcc/dev/atxmega128a1u/avrxmega7/crtatxmega128a1u.o
 .group         0x00000000        0x8 src/include/delays.o
 .group         0x00000000        0x8 src/include/delays.o
 .group         0x00000000        0x8 src/include/delays.o
 .group         0x00000000        0x8 src/include/delays.o
 .group         0x00000000        0x8 src/include/delays.o
 .group         0x00000000        0x8 src/include/delays.o
 .group         0x00000000        0x8 src/include/delays.o
 .group         0x00000000        0x8 src/include/delays.o
 .group         0x00000000        0x8 src/include/delays.o
 .group         0x00000000        0x8 src/include/delays.o
 .group         0x00000000        0x8 src/include/delays.o
 .group         0x00000000        0x8 src/include/delays.o
 .group         0x00000000        0x8 src/include/delays.o
 .group         0x00000000        0x8 src/include/delays.o
 .group         0x00000000        0x8 src/include/delays.o
 .group         0x00000000        0x8 src/include/delays.o
 .group         0x00000000        0x8 src/include/delays.o
 .group         0x00000000        0x8 src/include/delays.o
 .group         0x00000000        0x8 src/include/delays.o
 .group         0x00000000        0x8 src/include/delays.o
 .group         0x00000000        0x8 src/include/delays.o
 .group         0x00000000        0x8 src/include/delays.o
 .group         0x00000000        0x8 src/include/delays.o
 .group         0x00000000        0x8 src/include/delays.o
 .group         0x00000000        0x8 src/include/delays.o
 .text          0x00000000        0x0 src/include/delays.o
 .data          0x00000000        0x0 src/include/delays.o
 .bss           0x00000000        0x0 src/include/delays.o
 .group         0x00000000        0x8 src/include/dma.o
 .group         0x00000000        0x8 src/include/dma.o
 .group         0x00000000        0x8 src/include/dma.o
 .group         0x00000000        0x8 src/include/dma.o
 .group         0x00000000        0x8 src/include/dma.o
 .group         0x00000000        0x8 src/include/dma.o
 .group         0x00000000        0x8 src/include/dma.o
 .group         0x00000000        0x8 src/include/dma.o
 .group         0x00000000        0x8 src/include/dma.o
 .group         0x00000000        0x8 src/include/dma.o
 .group         0x00000000        0x8 src/include/dma.o
 .group         0x00000000        0x8 src/include/dma.o
 .group         0x00000000        0x8 src/include/dma.o
 .group         0x00000000        0x8 src/include/dma.o
 .group         0x00000000        0x8 src/include/dma.o
 .group         0x00000000        0x8 src/include/dma.o
 .group         0x00000000        0x8 src/include/dma.o
 .group         0x00000000        0x8 src/include/dma.o
 .group         0x00000000        0x8 src/include/dma.o
 .group         0x00000000        0x8 src/include/dma.o
 .group         0x00000000        0x8 src/include/dma.o
 .group         0x00000000        0x8 src/include/dma.o
 .group         0x00000000        0x8 src/include/dma.o
 .group         0x00000000        0x8 src/include/dma.o
 .group         0x00000000        0x8 src/include/dma.o
 .group         0x00000000        0x8 src/include/dma.o
 .group         0x00000000        0x8 src/include/dma.o
 .text          0x00000000        0x0 src/include/dma.o
 .data          0x00000000        0x0 src/include/dma.o
 .bss           0x00000000        0x0 src/include/dma.o
 .debug_macro   0x00000000      0xa96 src/include/dma.o
 .debug_macro   0x00000000       0x10 src/include/dma.o
 .debug_macro   0x00000000      0x1ad src/include/dma.o
 .debug_macro   0x00000000       0x22 src/include/dma.o
 .debug_macro   0x00000000       0x1c src/include/dma.o
 .debug_macro   0x00000000      0x10e src/include/dma.o
 .debug_macro   0x00000000       0x66 src/include/dma.o
 .debug_macro   0x00000000       0x10 src/include/dma.o
 .debug_macro   0x00000000       0x10 src/include/dma.o
 .debug_macro   0x00000000      0x299 src/include/dma.o
 .debug_macro   0x00000000       0x9e src/include/dma.o
 .debug_macro   0x00000000     0x6780 src/include/dma.o
 .debug_macro   0x00000000       0x9a src/include/dma.o
 .debug_macro   0x00000000       0xf1 src/include/dma.o
 .debug_macro   0x00000000       0x34 src/include/dma.o
 .debug_macro   0x00000000       0x10 src/include/dma.o
 .debug_macro   0x00000000       0x18 src/include/dma.o
 .debug_macro   0x00000000       0x5e src/include/dma.o
 .debug_macro   0x00000000       0x69 src/include/dma.o
 .debug_macro   0x00000000       0x10 src/include/dma.o
 .debug_macro   0x00000000       0x12 src/include/dma.o
 .debug_macro   0x00000000      0x175 src/include/dma.o
 .debug_macro   0x00000000       0x10 src/include/dma.o
 .debug_macro   0x00000000      0x160 src/include/dma.o
 .debug_macro   0x00000000       0x2e src/include/dma.o
 .group         0x00000000        0x8 src/include/timers.o
 .group         0x00000000        0x8 src/include/timers.o
 .group         0x00000000        0x8 src/include/timers.o
 .group         0x00000000        0x8 src/include/timers.o
 .group         0x00000000        0x8 src/include/timers.o
 .group         0x00000000        0x8 src/include/timers.o
 .group         0x00000000        0x8 src/include/timers.o
 .group         0x00000000        0x8 src/include/timers.o
 .group         0x00000000        0x8 src/include/timers.o
 .group         0x00000000        0x8 src/include/timers.o
 .group         0x00000000        0x8 src/include/timers.o
 .group         0x00000000        0x8 src/include/timers.o
 .group         0x00000000        0x8 src/include/timers.o
 .group         0x00000000        0x8 src/include/timers.o
 .group         0x00000000        0x8 src/include/timers.o
 .group         0x00000000        0x8 src/include/timers.o
 .group         0x00000000        0x8 src/include/timers.o
 .group         0x00000000        0x8 src/include/timers.o
 .group         0x00000000        0x8 src/include/timers.o
 .group         0x00000000        0x8 src/include/timers.o
 .group         0x00000000        0x8 src/include/timers.o
 .group         0x00000000        0x8 src/include/timers.o
 .group         0x00000000        0x8 src/include/timers.o
 .group         0x00000000        0x8 src/include/timers.o
 .group         0x00000000        0x8 src/include/timers.o
 .group         0x00000000        0x8 src/include/timers.o
 .group         0x00000000        0x8 src/include/timers.o
 .text          0x00000000        0x0 src/include/timers.o
 .data          0x00000000        0x0 src/include/timers.o
 .bss           0x00000000        0x0 src/include/timers.o
 .text.timers_init_clock
                0x00000000       0x62 src/include/timers.o
 .debug_macro   0x00000000      0xa96 src/include/timers.o
 .debug_macro   0x00000000       0x10 src/include/timers.o
 .debug_macro   0x00000000      0x1ad src/include/timers.o
 .debug_macro   0x00000000       0x22 src/include/timers.o
 .debug_macro   0x00000000       0x1c src/include/timers.o
 .debug_macro   0x00000000      0x10e src/include/timers.o
 .debug_macro   0x00000000       0x66 src/include/timers.o
 .debug_macro   0x00000000       0x10 src/include/timers.o
 .debug_macro   0x00000000       0x10 src/include/timers.o
 .debug_macro   0x00000000      0x299 src/include/timers.o
 .debug_macro   0x00000000       0x9e src/include/timers.o
 .debug_macro   0x00000000     0x6780 src/include/timers.o
 .debug_macro   0x00000000       0x9a src/include/timers.o
 .debug_macro   0x00000000       0xf1 src/include/timers.o
 .debug_macro   0x00000000       0x34 src/include/timers.o
 .debug_macro   0x00000000       0x10 src/include/timers.o
 .debug_macro   0x00000000       0x18 src/include/timers.o
 .debug_macro   0x00000000       0x5e src/include/timers.o
 .debug_macro   0x00000000       0x69 src/include/timers.o
 .debug_macro   0x00000000       0x10 src/include/timers.o
 .debug_macro   0x00000000       0x12 src/include/timers.o
 .debug_macro   0x00000000      0x175 src/include/timers.o
 .debug_macro   0x00000000       0x10 src/include/timers.o
 .debug_macro   0x00000000      0x160 src/include/timers.o
 .debug_macro   0x00000000       0x2e src/include/timers.o
 .group         0x00000000        0x8 src/include/usart.o
 .group         0x00000000        0x8 src/include/usart.o
 .group         0x00000000        0x8 src/include/usart.o
 .group         0x00000000        0x8 src/include/usart.o
 .group         0x00000000        0x8 src/include/usart.o
 .group         0x00000000        0x8 src/include/usart.o
 .group         0x00000000        0x8 src/include/usart.o
 .group         0x00000000        0x8 src/include/usart.o
 .group         0x00000000        0x8 src/include/usart.o
 .group         0x00000000        0x8 src/include/usart.o
 .group         0x00000000        0x8 src/include/usart.o
 .group         0x00000000        0x8 src/include/usart.o
 .group         0x00000000        0x8 src/include/usart.o
 .group         0x00000000        0x8 src/include/usart.o
 .group         0x00000000        0x8 src/include/usart.o
 .group         0x00000000        0x8 src/include/usart.o
 .group         0x00000000        0x8 src/include/usart.o
 .group         0x00000000        0x8 src/include/usart.o
 .group         0x00000000        0x8 src/include/usart.o
 .group         0x00000000        0x8 src/include/usart.o
 .group         0x00000000        0x8 src/include/usart.o
 .group         0x00000000        0x8 src/include/usart.o
 .group         0x00000000        0x8 src/include/usart.o
 .group         0x00000000        0x8 src/include/usart.o
 .group         0x00000000        0x8 src/include/usart.o
 .group         0x00000000        0x8 src/include/usart.o
 .group         0x00000000        0x8 src/include/usart.o
 .group         0x00000000        0x8 src/include/usart.o
 .group         0x00000000        0x8 src/include/usart.o
 .group         0x00000000        0x8 src/include/usart.o
 .text          0x00000000        0x0 src/include/usart.o
 .data          0x00000000        0x0 src/include/usart.o
 .bss           0x00000000        0x0 src/include/usart.o
 .text.usart_disable_outputs
                0x00000000        0xc src/include/usart.o
 .debug_macro   0x00000000      0xa96 src/include/usart.o
 .debug_macro   0x00000000       0x10 src/include/usart.o
 .debug_macro   0x00000000      0x1ad src/include/usart.o
 .debug_macro   0x00000000       0x22 src/include/usart.o
 .debug_macro   0x00000000       0x1c src/include/usart.o
 .debug_macro   0x00000000      0x10e src/include/usart.o
 .debug_macro   0x00000000       0x66 src/include/usart.o
 .debug_macro   0x00000000       0x10 src/include/usart.o
 .debug_macro   0x00000000       0x10 src/include/usart.o
 .debug_macro   0x00000000      0x299 src/include/usart.o
 .debug_macro   0x00000000       0x9e src/include/usart.o
 .debug_macro   0x00000000     0x6780 src/include/usart.o
 .debug_macro   0x00000000       0x9a src/include/usart.o
 .debug_macro   0x00000000       0xf1 src/include/usart.o
 .debug_macro   0x00000000       0x34 src/include/usart.o
 .debug_macro   0x00000000       0x10 src/include/usart.o
 .debug_macro   0x00000000       0x18 src/include/usart.o
 .debug_macro   0x00000000       0x5e src/include/usart.o
 .debug_macro   0x00000000       0x69 src/include/usart.o
 .debug_macro   0x00000000       0x10 src/include/usart.o
 .debug_macro   0x00000000       0x12 src/include/usart.o
 .debug_macro   0x00000000      0x175 src/include/usart.o
 .debug_macro   0x00000000       0x10 src/include/usart.o
 .debug_macro   0x00000000      0x160 src/include/usart.o
 .debug_macro   0x00000000       0x2e src/include/usart.o
 .debug_macro   0x00000000       0xac src/include/usart.o
 .group         0x00000000        0x8 src/main.o
 .group         0x00000000        0x8 src/main.o
 .group         0x00000000        0x8 src/main.o
 .group         0x00000000        0x8 src/main.o
 .group         0x00000000        0x8 src/main.o
 .group         0x00000000        0x8 src/main.o
 .group         0x00000000        0x8 src/main.o
 .group         0x00000000        0x8 src/main.o
 .group         0x00000000        0x8 src/main.o
 .group         0x00000000        0x8 src/main.o
 .group         0x00000000        0x8 src/main.o
 .group         0x00000000        0x8 src/main.o
 .group         0x00000000        0x8 src/main.o
 .group         0x00000000        0x8 src/main.o
 .group         0x00000000        0x8 src/main.o
 .group         0x00000000        0x8 src/main.o
 .group         0x00000000        0x8 src/main.o
 .group         0x00000000        0x8 src/main.o
 .group         0x00000000        0x8 src/main.o
 .group         0x00000000        0x8 src/main.o
 .group         0x00000000        0x8 src/main.o
 .group         0x00000000        0x8 src/main.o
 .group         0x00000000        0x8 src/main.o
 .group         0x00000000        0x8 src/main.o
 .group         0x00000000        0x8 src/main.o
 .group         0x00000000        0x8 src/main.o
 .group         0x00000000        0x8 src/main.o
 .group         0x00000000        0x8 src/main.o
 .group         0x00000000        0x8 src/main.o
 .group         0x00000000        0x8 src/main.o
 .group         0x00000000        0x8 src/main.o
 .group         0x00000000        0x8 src/main.o
 .group         0x00000000        0x8 src/main.o
 .group         0x00000000        0x8 src/main.o
 .group         0x00000000        0x8 src/main.o
 .group         0x00000000        0x8 src/main.o
 .group         0x00000000        0x8 src/main.o
 .group         0x00000000        0x8 src/main.o
 .group         0x00000000        0x8 src/main.o
 .group         0x00000000        0x8 src/main.o
 .text          0x00000000        0x0 src/main.o
 .data          0x00000000        0x0 src/main.o
 .bss           0x00000000        0x0 src/main.o
 .debug_macro   0x00000000      0xa96 src/main.o
 .debug_macro   0x00000000       0x10 src/main.o
 .debug_macro   0x00000000      0x1ad src/main.o
 .debug_macro   0x00000000       0x9e src/main.o
 .debug_macro   0x00000000     0x6780 src/main.o
 .debug_macro   0x00000000       0x9a src/main.o
 .debug_macro   0x00000000       0xf1 src/main.o
 .debug_macro   0x00000000       0x34 src/main.o
 .debug_macro   0x00000000       0x10 src/main.o
 .debug_macro   0x00000000       0x18 src/main.o
 .debug_macro   0x00000000       0x5e src/main.o
 .debug_macro   0x00000000       0x22 src/main.o
 .debug_macro   0x00000000       0x1c src/main.o
 .debug_macro   0x00000000       0x66 src/main.o
 .debug_macro   0x00000000       0x10 src/main.o
 .debug_macro   0x00000000      0x175 src/main.o
 .debug_macro   0x00000000       0x69 src/main.o
 .debug_macro   0x00000000      0x160 src/main.o
 .debug_macro   0x00000000       0xa6 src/main.o
 .debug_macro   0x00000000       0x28 src/main.o
 .debug_macro   0x00000000       0x3a src/main.o
 .group         0x00000000        0x8 src/ASF/common/services/ioport/xmega/ioport_compat.o
 .group         0x00000000        0x8 src/ASF/common/services/ioport/xmega/ioport_compat.o
 .group         0x00000000        0x8 src/ASF/common/services/ioport/xmega/ioport_compat.o
 .group         0x00000000        0x8 src/ASF/common/services/ioport/xmega/ioport_compat.o
 .group         0x00000000        0x8 src/ASF/common/services/ioport/xmega/ioport_compat.o
 .group         0x00000000        0x8 src/ASF/common/services/ioport/xmega/ioport_compat.o
 .group         0x00000000        0x8 src/ASF/common/services/ioport/xmega/ioport_compat.o
 .group         0x00000000        0x8 src/ASF/common/services/ioport/xmega/ioport_compat.o
 .group         0x00000000        0x8 src/ASF/common/services/ioport/xmega/ioport_compat.o
 .group         0x00000000        0x8 src/ASF/common/services/ioport/xmega/ioport_compat.o
 .group         0x00000000        0x8 src/ASF/common/services/ioport/xmega/ioport_compat.o
 .group         0x00000000        0x8 src/ASF/common/services/ioport/xmega/ioport_compat.o
 .group         0x00000000        0x8 src/ASF/common/services/ioport/xmega/ioport_compat.o
 .group         0x00000000        0x8 src/ASF/common/services/ioport/xmega/ioport_compat.o
 .group         0x00000000        0x8 src/ASF/common/services/ioport/xmega/ioport_compat.o
 .group         0x00000000        0x8 src/ASF/common/services/ioport/xmega/ioport_compat.o
 .group         0x00000000        0x8 src/ASF/common/services/ioport/xmega/ioport_compat.o
 .group         0x00000000        0x8 src/ASF/common/services/ioport/xmega/ioport_compat.o
 .group         0x00000000        0x8 src/ASF/common/services/ioport/xmega/ioport_compat.o
 .group         0x00000000        0x8 src/ASF/common/services/ioport/xmega/ioport_compat.o
 .group         0x00000000        0x8 src/ASF/common/services/ioport/xmega/ioport_compat.o
 .group         0x00000000        0x8 src/ASF/common/services/ioport/xmega/ioport_compat.o
 .group         0x00000000        0x8 src/ASF/common/services/ioport/xmega/ioport_compat.o
 .group         0x00000000        0x8 src/ASF/common/services/ioport/xmega/ioport_compat.o
 .group         0x00000000        0x8 src/ASF/common/services/ioport/xmega/ioport_compat.o
 .group         0x00000000        0x8 src/ASF/common/services/ioport/xmega/ioport_compat.o
 .group         0x00000000        0x8 src/ASF/common/services/ioport/xmega/ioport_compat.o
 .group         0x00000000        0x8 src/ASF/common/services/ioport/xmega/ioport_compat.o
 .group         0x00000000        0x8 src/ASF/common/services/ioport/xmega/ioport_compat.o
 .group         0x00000000        0x8 src/ASF/common/services/ioport/xmega/ioport_compat.o
 .group         0x00000000        0x8 src/ASF/common/services/ioport/xmega/ioport_compat.o
 .group         0x00000000        0x8 src/ASF/common/services/ioport/xmega/ioport_compat.o
 .group         0x00000000        0x8 src/ASF/common/services/ioport/xmega/ioport_compat.o
 .text          0x00000000        0x0 src/ASF/common/services/ioport/xmega/ioport_compat.o
 .data          0x00000000        0x0 src/ASF/common/services/ioport/xmega/ioport_compat.o
 .bss           0x00000000        0x0 src/ASF/common/services/ioport/xmega/ioport_compat.o
 .text.ioport_configure_port_pin
                0x00000000       0x50 src/ASF/common/services/ioport/xmega/ioport_compat.o
 .debug_info    0x00000000      0x11d src/ASF/common/services/ioport/xmega/ioport_compat.o
 .debug_abbrev  0x00000000       0x93 src/ASF/common/services/ioport/xmega/ioport_compat.o
 .debug_loc     0x00000000       0x66 src/ASF/common/services/ioport/xmega/ioport_compat.o
 .debug_aranges
                0x00000000       0x20 src/ASF/common/services/ioport/xmega/ioport_compat.o
 .debug_ranges  0x00000000       0x10 src/ASF/common/services/ioport/xmega/ioport_compat.o
 .debug_macro   0x00000000      0x193 src/ASF/common/services/ioport/xmega/ioport_compat.o
 .debug_macro   0x00000000      0xa96 src/ASF/common/services/ioport/xmega/ioport_compat.o
 .debug_macro   0x00000000      0x644 src/ASF/common/services/ioport/xmega/ioport_compat.o
 .debug_macro   0x00000000       0x10 src/ASF/common/services/ioport/xmega/ioport_compat.o
 .debug_macro   0x00000000      0x1ad src/ASF/common/services/ioport/xmega/ioport_compat.o
 .debug_macro   0x00000000      0x293 src/ASF/common/services/ioport/xmega/ioport_compat.o
 .debug_macro   0x00000000       0x9e src/ASF/common/services/ioport/xmega/ioport_compat.o
 .debug_macro   0x00000000     0x6780 src/ASF/common/services/ioport/xmega/ioport_compat.o
 .debug_macro   0x00000000       0x9a src/ASF/common/services/ioport/xmega/ioport_compat.o
 .debug_macro   0x00000000       0xf1 src/ASF/common/services/ioport/xmega/ioport_compat.o
 .debug_macro   0x00000000       0x34 src/ASF/common/services/ioport/xmega/ioport_compat.o
 .debug_macro   0x00000000       0x10 src/ASF/common/services/ioport/xmega/ioport_compat.o
 .debug_macro   0x00000000       0x18 src/ASF/common/services/ioport/xmega/ioport_compat.o
 .debug_macro   0x00000000       0x5e src/ASF/common/services/ioport/xmega/ioport_compat.o
 .debug_macro   0x00000000       0x10 src/ASF/common/services/ioport/xmega/ioport_compat.o
 .debug_macro   0x00000000       0x22 src/ASF/common/services/ioport/xmega/ioport_compat.o
 .debug_macro   0x00000000      0x166 src/ASF/common/services/ioport/xmega/ioport_compat.o
 .debug_macro   0x00000000       0x1c src/ASF/common/services/ioport/xmega/ioport_compat.o
 .debug_macro   0x00000000       0x35 src/ASF/common/services/ioport/xmega/ioport_compat.o
 .debug_macro   0x00000000       0x66 src/ASF/common/services/ioport/xmega/ioport_compat.o
 .debug_macro   0x00000000       0x97 src/ASF/common/services/ioport/xmega/ioport_compat.o
 .debug_macro   0x00000000       0x17 src/ASF/common/services/ioport/xmega/ioport_compat.o
 .debug_macro   0x00000000      0x250 src/ASF/common/services/ioport/xmega/ioport_compat.o
 .debug_macro   0x00000000       0x76 src/ASF/common/services/ioport/xmega/ioport_compat.o
 .debug_macro   0x00000000       0x16 src/ASF/common/services/ioport/xmega/ioport_compat.o
 .debug_macro   0x00000000      0x6e3 src/ASF/common/services/ioport/xmega/ioport_compat.o
 .debug_macro   0x00000000       0x10 src/ASF/common/services/ioport/xmega/ioport_compat.o
 .debug_macro   0x00000000      0x175 src/ASF/common/services/ioport/xmega/ioport_compat.o
 .debug_macro   0x00000000       0x40 src/ASF/common/services/ioport/xmega/ioport_compat.o
 .debug_macro   0x00000000       0x69 src/ASF/common/services/ioport/xmega/ioport_compat.o
 .debug_macro   0x00000000       0x32 src/ASF/common/services/ioport/xmega/ioport_compat.o
 .debug_macro   0x00000000       0xe4 src/ASF/common/services/ioport/xmega/ioport_compat.o
 .debug_macro   0x00000000       0x9a src/ASF/common/services/ioport/xmega/ioport_compat.o
 .debug_macro   0x00000000      0x109 src/ASF/common/services/ioport/xmega/ioport_compat.o
 .debug_line    0x00000000      0x4b3 src/ASF/common/services/ioport/xmega/ioport_compat.o
 .debug_str     0x00000000    0x29f6e src/ASF/common/services/ioport/xmega/ioport_compat.o
 .comment       0x00000000       0x31 src/ASF/common/services/ioport/xmega/ioport_compat.o
 .debug_frame   0x00000000       0x30 src/ASF/common/services/ioport/xmega/ioport_compat.o
 .group         0x00000000        0x8 src/ASF/xmega/boards/xmega_a1u_xplained_pro/board_init.o
 .group         0x00000000        0x8 src/ASF/xmega/boards/xmega_a1u_xplained_pro/board_init.o
 .group         0x00000000        0x8 src/ASF/xmega/boards/xmega_a1u_xplained_pro/board_init.o
 .group         0x00000000        0x8 src/ASF/xmega/boards/xmega_a1u_xplained_pro/board_init.o
 .group         0x00000000        0x8 src/ASF/xmega/boards/xmega_a1u_xplained_pro/board_init.o
 .group         0x00000000        0x8 src/ASF/xmega/boards/xmega_a1u_xplained_pro/board_init.o
 .group         0x00000000        0x8 src/ASF/xmega/boards/xmega_a1u_xplained_pro/board_init.o
 .group         0x00000000        0x8 src/ASF/xmega/boards/xmega_a1u_xplained_pro/board_init.o
 .group         0x00000000        0x8 src/ASF/xmega/boards/xmega_a1u_xplained_pro/board_init.o
 .group         0x00000000        0x8 src/ASF/xmega/boards/xmega_a1u_xplained_pro/board_init.o
 .group         0x00000000        0x8 src/ASF/xmega/boards/xmega_a1u_xplained_pro/board_init.o
 .group         0x00000000        0x8 src/ASF/xmega/boards/xmega_a1u_xplained_pro/board_init.o
 .group         0x00000000        0x8 src/ASF/xmega/boards/xmega_a1u_xplained_pro/board_init.o
 .group         0x00000000        0x8 src/ASF/xmega/boards/xmega_a1u_xplained_pro/board_init.o
 .group         0x00000000        0x8 src/ASF/xmega/boards/xmega_a1u_xplained_pro/board_init.o
 .group         0x00000000        0x8 src/ASF/xmega/boards/xmega_a1u_xplained_pro/board_init.o
 .group         0x00000000        0x8 src/ASF/xmega/boards/xmega_a1u_xplained_pro/board_init.o
 .group         0x00000000        0x8 src/ASF/xmega/boards/xmega_a1u_xplained_pro/board_init.o
 .group         0x00000000        0x8 src/ASF/xmega/boards/xmega_a1u_xplained_pro/board_init.o
 .group         0x00000000        0x8 src/ASF/xmega/boards/xmega_a1u_xplained_pro/board_init.o
 .group         0x00000000        0x8 src/ASF/xmega/boards/xmega_a1u_xplained_pro/board_init.o
 .group         0x00000000        0x8 src/ASF/xmega/boards/xmega_a1u_xplained_pro/board_init.o
 .group         0x00000000        0x8 src/ASF/xmega/boards/xmega_a1u_xplained_pro/board_init.o
 .group         0x00000000        0x8 src/ASF/xmega/boards/xmega_a1u_xplained_pro/board_init.o
 .group         0x00000000        0x8 src/ASF/xmega/boards/xmega_a1u_xplained_pro/board_init.o
 .group         0x00000000        0x8 src/ASF/xmega/boards/xmega_a1u_xplained_pro/board_init.o
 .group         0x00000000        0x8 src/ASF/xmega/boards/xmega_a1u_xplained_pro/board_init.o
 .group         0x00000000        0x8 src/ASF/xmega/boards/xmega_a1u_xplained_pro/board_init.o
 .group         0x00000000        0x8 src/ASF/xmega/boards/xmega_a1u_xplained_pro/board_init.o
 .group         0x00000000        0x8 src/ASF/xmega/boards/xmega_a1u_xplained_pro/board_init.o
 .group         0x00000000        0x8 src/ASF/xmega/boards/xmega_a1u_xplained_pro/board_init.o
 .group         0x00000000        0x8 src/ASF/xmega/boards/xmega_a1u_xplained_pro/board_init.o
 .group         0x00000000        0x8 src/ASF/xmega/boards/xmega_a1u_xplained_pro/board_init.o
 .group         0x00000000        0x8 src/ASF/xmega/boards/xmega_a1u_xplained_pro/board_init.o
 .group         0x00000000        0x8 src/ASF/xmega/boards/xmega_a1u_xplained_pro/board_init.o
 .text          0x00000000        0x0 src/ASF/xmega/boards/xmega_a1u_xplained_pro/board_init.o
 .data          0x00000000        0x0 src/ASF/xmega/boards/xmega_a1u_xplained_pro/board_init.o
 .bss           0x00000000        0x0 src/ASF/xmega/boards/xmega_a1u_xplained_pro/board_init.o
 .text.board_init
                0x00000000       0x1e src/ASF/xmega/boards/xmega_a1u_xplained_pro/board_init.o
 .debug_info    0x00000000      0x3ea src/ASF/xmega/boards/xmega_a1u_xplained_pro/board_init.o
 .debug_abbrev  0x00000000      0x160 src/ASF/xmega/boards/xmega_a1u_xplained_pro/board_init.o
 .debug_aranges
                0x00000000       0x20 src/ASF/xmega/boards/xmega_a1u_xplained_pro/board_init.o
 .debug_ranges  0x00000000       0x10 src/ASF/xmega/boards/xmega_a1u_xplained_pro/board_init.o
 .debug_macro   0x00000000      0x1bc src/ASF/xmega/boards/xmega_a1u_xplained_pro/board_init.o
 .debug_macro   0x00000000      0xa96 src/ASF/xmega/boards/xmega_a1u_xplained_pro/board_init.o
 .debug_macro   0x00000000       0x10 src/ASF/xmega/boards/xmega_a1u_xplained_pro/board_init.o
 .debug_macro   0x00000000      0x1ad src/ASF/xmega/boards/xmega_a1u_xplained_pro/board_init.o
 .debug_macro   0x00000000      0x293 src/ASF/xmega/boards/xmega_a1u_xplained_pro/board_init.o
 .debug_macro   0x00000000       0x9e src/ASF/xmega/boards/xmega_a1u_xplained_pro/board_init.o
 .debug_macro   0x00000000     0x6780 src/ASF/xmega/boards/xmega_a1u_xplained_pro/board_init.o
 .debug_macro   0x00000000       0x9a src/ASF/xmega/boards/xmega_a1u_xplained_pro/board_init.o
 .debug_macro   0x00000000       0xf1 src/ASF/xmega/boards/xmega_a1u_xplained_pro/board_init.o
 .debug_macro   0x00000000       0x34 src/ASF/xmega/boards/xmega_a1u_xplained_pro/board_init.o
 .debug_macro   0x00000000       0x10 src/ASF/xmega/boards/xmega_a1u_xplained_pro/board_init.o
 .debug_macro   0x00000000       0x18 src/ASF/xmega/boards/xmega_a1u_xplained_pro/board_init.o
 .debug_macro   0x00000000       0x5e src/ASF/xmega/boards/xmega_a1u_xplained_pro/board_init.o
 .debug_macro   0x00000000       0x10 src/ASF/xmega/boards/xmega_a1u_xplained_pro/board_init.o
 .debug_macro   0x00000000       0x22 src/ASF/xmega/boards/xmega_a1u_xplained_pro/board_init.o
 .debug_macro   0x00000000      0x166 src/ASF/xmega/boards/xmega_a1u_xplained_pro/board_init.o
 .debug_macro   0x00000000       0x1c src/ASF/xmega/boards/xmega_a1u_xplained_pro/board_init.o
 .debug_macro   0x00000000       0x35 src/ASF/xmega/boards/xmega_a1u_xplained_pro/board_init.o
 .debug_macro   0x00000000       0x66 src/ASF/xmega/boards/xmega_a1u_xplained_pro/board_init.o
 .debug_macro   0x00000000      0x644 src/ASF/xmega/boards/xmega_a1u_xplained_pro/board_init.o
 .debug_macro   0x00000000       0x97 src/ASF/xmega/boards/xmega_a1u_xplained_pro/board_init.o
 .debug_macro   0x00000000       0x17 src/ASF/xmega/boards/xmega_a1u_xplained_pro/board_init.o
 .debug_macro   0x00000000      0x250 src/ASF/xmega/boards/xmega_a1u_xplained_pro/board_init.o
 .debug_macro   0x00000000       0x76 src/ASF/xmega/boards/xmega_a1u_xplained_pro/board_init.o
 .debug_macro   0x00000000       0x16 src/ASF/xmega/boards/xmega_a1u_xplained_pro/board_init.o
 .debug_macro   0x00000000      0x6e3 src/ASF/xmega/boards/xmega_a1u_xplained_pro/board_init.o
 .debug_macro   0x00000000       0x10 src/ASF/xmega/boards/xmega_a1u_xplained_pro/board_init.o
 .debug_macro   0x00000000      0x175 src/ASF/xmega/boards/xmega_a1u_xplained_pro/board_init.o
 .debug_macro   0x00000000       0x40 src/ASF/xmega/boards/xmega_a1u_xplained_pro/board_init.o
 .debug_macro   0x00000000       0x69 src/ASF/xmega/boards/xmega_a1u_xplained_pro/board_init.o
 .debug_macro   0x00000000       0x32 src/ASF/xmega/boards/xmega_a1u_xplained_pro/board_init.o
 .debug_macro   0x00000000       0xe4 src/ASF/xmega/boards/xmega_a1u_xplained_pro/board_init.o
 .debug_macro   0x00000000      0x2a4 src/ASF/xmega/boards/xmega_a1u_xplained_pro/board_init.o
 .debug_macro   0x00000000      0x530 src/ASF/xmega/boards/xmega_a1u_xplained_pro/board_init.o
 .debug_macro   0x00000000       0x9a src/ASF/xmega/boards/xmega_a1u_xplained_pro/board_init.o
 .debug_macro   0x00000000      0x109 src/ASF/xmega/boards/xmega_a1u_xplained_pro/board_init.o
 .debug_line    0x00000000      0x4ea src/ASF/xmega/boards/xmega_a1u_xplained_pro/board_init.o
 .debug_str     0x00000000    0x2c197 src/ASF/xmega/boards/xmega_a1u_xplained_pro/board_init.o
 .comment       0x00000000       0x31 src/ASF/xmega/boards/xmega_a1u_xplained_pro/board_init.o
 .debug_frame   0x00000000       0x24 src/ASF/xmega/boards/xmega_a1u_xplained_pro/board_init.o
 .text          0x00000000        0x0 c:/program files (x86)/atmel/studio/7.0/toolchain/avr8/avr8-gnu-toolchain/bin/../lib/gcc/avr/4.9.2/avrxmega7\libgcc.a(_udivmodsi4.o)
 .data          0x00000000        0x0 c:/program files (x86)/atmel/studio/7.0/toolchain/avr8/avr8-gnu-toolchain/bin/../lib/gcc/avr/4.9.2/avrxmega7\libgcc.a(_udivmodsi4.o)
 .bss           0x00000000        0x0 c:/program files (x86)/atmel/studio/7.0/toolchain/avr8/avr8-gnu-toolchain/bin/../lib/gcc/avr/4.9.2/avrxmega7\libgcc.a(_udivmodsi4.o)
 .text.libgcc.mul
                0x00000000        0x0 c:/program files (x86)/atmel/studio/7.0/toolchain/avr8/avr8-gnu-toolchain/bin/../lib/gcc/avr/4.9.2/avrxmega7\libgcc.a(_udivmodsi4.o)
 .text.libgcc   0x00000000        0x0 c:/program files (x86)/atmel/studio/7.0/toolchain/avr8/avr8-gnu-toolchain/bin/../lib/gcc/avr/4.9.2/avrxmega7\libgcc.a(_udivmodsi4.o)
 .text.libgcc.prologue
                0x00000000        0x0 c:/program files (x86)/atmel/studio/7.0/toolchain/avr8/avr8-gnu-toolchain/bin/../lib/gcc/avr/4.9.2/avrxmega7\libgcc.a(_udivmodsi4.o)
 .text.libgcc.builtins
                0x00000000        0x0 c:/program files (x86)/atmel/studio/7.0/toolchain/avr8/avr8-gnu-toolchain/bin/../lib/gcc/avr/4.9.2/avrxmega7\libgcc.a(_udivmodsi4.o)
 .text.libgcc.fmul
                0x00000000        0x0 c:/program files (x86)/atmel/studio/7.0/toolchain/avr8/avr8-gnu-toolchain/bin/../lib/gcc/avr/4.9.2/avrxmega7\libgcc.a(_udivmodsi4.o)
 .text.libgcc.fixed
                0x00000000        0x0 c:/program files (x86)/atmel/studio/7.0/toolchain/avr8/avr8-gnu-toolchain/bin/../lib/gcc/avr/4.9.2/avrxmega7\libgcc.a(_udivmodsi4.o)
 .text          0x00000000        0x0 c:/program files (x86)/atmel/studio/7.0/toolchain/avr8/avr8-gnu-toolchain/bin/../lib/gcc/avr/4.9.2/avrxmega7\libgcc.a(_exit.o)
 .data          0x00000000        0x0 c:/program files (x86)/atmel/studio/7.0/toolchain/avr8/avr8-gnu-toolchain/bin/../lib/gcc/avr/4.9.2/avrxmega7\libgcc.a(_exit.o)
 .bss           0x00000000        0x0 c:/program files (x86)/atmel/studio/7.0/toolchain/avr8/avr8-gnu-toolchain/bin/../lib/gcc/avr/4.9.2/avrxmega7\libgcc.a(_exit.o)
 .text.libgcc.mul
                0x00000000        0x0 c:/program files (x86)/atmel/studio/7.0/toolchain/avr8/avr8-gnu-toolchain/bin/../lib/gcc/avr/4.9.2/avrxmega7\libgcc.a(_exit.o)
 .text.libgcc.div
                0x00000000        0x0 c:/program files (x86)/atmel/studio/7.0/toolchain/avr8/avr8-gnu-toolchain/bin/../lib/gcc/avr/4.9.2/avrxmega7\libgcc.a(_exit.o)
 .text.libgcc   0x00000000        0x0 c:/program files (x86)/atmel/studio/7.0/toolchain/avr8/avr8-gnu-toolchain/bin/../lib/gcc/avr/4.9.2/avrxmega7\libgcc.a(_exit.o)
 .text.libgcc.prologue
                0x00000000        0x0 c:/program files (x86)/atmel/studio/7.0/toolchain/avr8/avr8-gnu-toolchain/bin/../lib/gcc/avr/4.9.2/avrxmega7\libgcc.a(_exit.o)
 .text.libgcc.builtins
                0x00000000        0x0 c:/program files (x86)/atmel/studio/7.0/toolchain/avr8/avr8-gnu-toolchain/bin/../lib/gcc/avr/4.9.2/avrxmega7\libgcc.a(_exit.o)
 .text.libgcc.fmul
                0x00000000        0x0 c:/program files (x86)/atmel/studio/7.0/toolchain/avr8/avr8-gnu-toolchain/bin/../lib/gcc/avr/4.9.2/avrxmega7\libgcc.a(_exit.o)
 .text.libgcc.fixed
                0x00000000        0x0 c:/program files (x86)/atmel/studio/7.0/toolchain/avr8/avr8-gnu-toolchain/bin/../lib/gcc/avr/4.9.2/avrxmega7\libgcc.a(_exit.o)
 .text          0x00000000        0x0 c:/program files (x86)/atmel/studio/7.0/toolchain/avr8/avr8-gnu-toolchain/bin/../lib/gcc/avr/4.9.2/avrxmega7\libgcc.a(_clear_bss.o)
 .data          0x00000000        0x0 c:/program files (x86)/atmel/studio/7.0/toolchain/avr8/avr8-gnu-toolchain/bin/../lib/gcc/avr/4.9.2/avrxmega7\libgcc.a(_clear_bss.o)
 .bss           0x00000000        0x0 c:/program files (x86)/atmel/studio/7.0/toolchain/avr8/avr8-gnu-toolchain/bin/../lib/gcc/avr/4.9.2/avrxmega7\libgcc.a(_clear_bss.o)
 .text.libgcc.mul
                0x00000000        0x0 c:/program files (x86)/atmel/studio/7.0/toolchain/avr8/avr8-gnu-toolchain/bin/../lib/gcc/avr/4.9.2/avrxmega7\libgcc.a(_clear_bss.o)
 .text.libgcc.div
                0x00000000        0x0 c:/program files (x86)/atmel/studio/7.0/toolchain/avr8/avr8-gnu-toolchain/bin/../lib/gcc/avr/4.9.2/avrxmega7\libgcc.a(_clear_bss.o)
 .text.libgcc   0x00000000        0x0 c:/program files (x86)/atmel/studio/7.0/toolchain/avr8/avr8-gnu-toolchain/bin/../lib/gcc/avr/4.9.2/avrxmega7\libgcc.a(_clear_bss.o)
 .text.libgcc.prologue
                0x00000000        0x0 c:/program files (x86)/atmel/studio/7.0/toolchain/avr8/avr8-gnu-toolchain/bin/../lib/gcc/avr/4.9.2/avrxmega7\libgcc.a(_clear_bss.o)
 .text.libgcc.builtins
                0x00000000        0x0 c:/program files (x86)/atmel/studio/7.0/toolchain/avr8/avr8-gnu-toolchain/bin/../lib/gcc/avr/4.9.2/avrxmega7\libgcc.a(_clear_bss.o)
 .text.libgcc.fmul
                0x00000000        0x0 c:/program files (x86)/atmel/studio/7.0/toolchain/avr8/avr8-gnu-toolchain/bin/../lib/gcc/avr/4.9.2/avrxmega7\libgcc.a(_clear_bss.o)
 .text.libgcc.fixed
                0x00000000        0x0 c:/program files (x86)/atmel/studio/7.0/toolchain/avr8/avr8-gnu-toolchain/bin/../lib/gcc/avr/4.9.2/avrxmega7\libgcc.a(_clear_bss.o)
 .text          0x00000000        0x0 c:/program files (x86)/atmel/studio/7.0/toolchain/avr8/avr8-gnu-toolchain/bin/../lib/gcc/avr/4.9.2/../../../../avr/lib/avrxmega7\libc.a(atol.o)
 .data          0x00000000        0x0 c:/program files (x86)/atmel/studio/7.0/toolchain/avr8/avr8-gnu-toolchain/bin/../lib/gcc/avr/4.9.2/../../../../avr/lib/avrxmega7\libc.a(atol.o)
 .bss           0x00000000        0x0 c:/program files (x86)/atmel/studio/7.0/toolchain/avr8/avr8-gnu-toolchain/bin/../lib/gcc/avr/4.9.2/../../../../avr/lib/avrxmega7\libc.a(atol.o)
 .text          0x00000000        0x0 c:/program files (x86)/atmel/studio/7.0/toolchain/avr8/avr8-gnu-toolchain/bin/../lib/gcc/avr/4.9.2/../../../../avr/lib/avrxmega7\libc.a(strtok.o)
 .data          0x00000000        0x0 c:/program files (x86)/atmel/studio/7.0/toolchain/avr8/avr8-gnu-toolchain/bin/../lib/gcc/avr/4.9.2/../../../../avr/lib/avrxmega7\libc.a(strtok.o)
 .text          0x00000000        0x0 c:/program files (x86)/atmel/studio/7.0/toolchain/avr8/avr8-gnu-toolchain/bin/../lib/gcc/avr/4.9.2/../../../../avr/lib/avrxmega7\libc.a(strtok_r.o)
 .data          0x00000000        0x0 c:/program files (x86)/atmel/studio/7.0/toolchain/avr8/avr8-gnu-toolchain/bin/../lib/gcc/avr/4.9.2/../../../../avr/lib/avrxmega7\libc.a(strtok_r.o)
 .bss           0x00000000        0x0 c:/program files (x86)/atmel/studio/7.0/toolchain/avr8/avr8-gnu-toolchain/bin/../lib/gcc/avr/4.9.2/../../../../avr/lib/avrxmega7\libc.a(strtok_r.o)
 .text          0x00000000        0x0 c:/program files (x86)/atmel/studio/7.0/toolchain/avr8/avr8-gnu-toolchain/bin/../lib/gcc/avr/4.9.2/../../../../avr/lib/avrxmega7\libc.a(mulsi10.o)
 .data          0x00000000        0x0 c:/program files (x86)/atmel/studio/7.0/toolchain/avr8/avr8-gnu-toolchain/bin/../lib/gcc/avr/4.9.2/../../../../avr/lib/avrxmega7\libc.a(mulsi10.o)
 .bss           0x00000000        0x0 c:/program files (x86)/atmel/studio/7.0/toolchain/avr8/avr8-gnu-toolchain/bin/../lib/gcc/avr/4.9.2/../../../../avr/lib/avrxmega7\libc.a(mulsi10.o)

Memory Configuration

Name             Origin             Length             Attributes
text             0x00000000         0x00100000         xr
data             0x00802000         0x0000ffa0         rw !x
eeprom           0x00810000         0x00010000         rw !x
fuse             0x00820000         0x00000400         rw !x
lock             0x00830000         0x00000400         rw !x
signature        0x00840000         0x00000400         rw !x
user_signatures  0x00850000         0x00000400         rw !x
*default*        0x00000000         0xffffffff

Linker script and memory map

LOAD C:/Program Files (x86)/Atmel/Studio/7.0/Packs/atmel/XMEGAA_DFP/1.0.38/gcc/dev/atxmega128a1u/avrxmega7/crtatxmega128a1u.o
LOAD src/include/delays.o
LOAD src/include/dma.o
LOAD src/include/timers.o
LOAD src/include/usart.o
LOAD src/main.o
LOAD src/ASF/common/services/ioport/xmega/ioport_compat.o
LOAD src/ASF/xmega/boards/xmega_a1u_xplained_pro/board_init.o
START GROUP
LOAD c:/program files (x86)/atmel/studio/7.0/toolchain/avr8/avr8-gnu-toolchain/bin/../lib/gcc/avr/4.9.2/../../../../avr/lib/avrxmega7\libm.a
END GROUP
Address of section .BOOT set to 0x20000
START GROUP
LOAD c:/program files (x86)/atmel/studio/7.0/toolchain/avr8/avr8-gnu-toolchain/bin/../lib/gcc/avr/4.9.2/avrxmega7\libgcc.a
LOAD c:/program files (x86)/atmel/studio/7.0/toolchain/avr8/avr8-gnu-toolchain/bin/../lib/gcc/avr/4.9.2/../../../../avr/lib/avrxmega7\libm.a
LOAD c:/program files (x86)/atmel/studio/7.0/toolchain/avr8/avr8-gnu-toolchain/bin/../lib/gcc/avr/4.9.2/../../../../avr/lib/avrxmega7\libc.a
LOAD C:/Program Files (x86)/Atmel/Studio/7.0/Packs/atmel/XMEGAA_DFP/1.0.38/gcc/dev/atxmega128a1u/avrxmega7\libatxmega128a1u.a
END GROUP

.hash
 *(.hash)

.dynsym
 *(.dynsym)

.dynstr
 *(.dynstr)

.gnu.version
 *(.gnu.version)

.gnu.version_d
 *(.gnu.version_d)

.gnu.version_r
 *(.gnu.version_r)

.rel.init
 *(.rel.init)

.rela.init
 *(.rela.init)

.rel.text
 *(.rel.text)
 *(.rel.text.*)
 *(.rel.gnu.linkonce.t*)

.rela.text
 *(.rela.text)
 *(.rela.text.*)
 *(.rela.gnu.linkonce.t*)

.rel.fini
 *(.rel.fini)

.rela.fini
 *(.rela.fini)

.rel.rodata
 *(.rel.rodata)
 *(.rel.rodata.*)
 *(.rel.gnu.linkonce.r*)

.rela.rodata
 *(.rela.rodata)
 *(.rela.rodata.*)
 *(.rela.gnu.linkonce.r*)

.rel.data
 *(.rel.data)
 *(.rel.data.*)
 *(.rel.gnu.linkonce.d*)

.rela.data
 *(.rela.data)
 *(.rela.data.*)
 *(.rela.gnu.linkonce.d*)

.rel.ctors
 *(.rel.ctors)

.rela.ctors
 *(.rela.ctors)

.rel.dtors
 *(.rel.dtors)

.rela.dtors
 *(.rela.dtors)

.rel.got
 *(.rel.got)

.rela.got
 *(.rela.got)

.rel.bss
 *(.rel.bss)

.rela.bss
 *(.rela.bss)

.rel.plt
 *(.rel.plt)

.rela.plt
 *(.rela.plt)

.text           0x00000000      0xd50
 *(.vectors)
 .vectors       0x00000000      0x1fc C:/Program Files (x86)/Atmel/Studio/7.0/Packs/atmel/XMEGAA_DFP/1.0.38/gcc/dev/atxmega128a1u/avrxmega7/crtatxmega128a1u.o
                0x00000000                __vector_default
                0x00000000                __vectors
 *(.vectors)
 *(.progmem.gcc*)
                0x000001fc                . = ALIGN (0x2)
                0x000001fc                __trampolines_start = .
 *(.trampolines)
 .trampolines   0x000001fc        0x0 linker stubs
 *(.trampolines*)
                0x000001fc                __trampolines_end = .
 *(.progmem*)
                0x000001fc                . = ALIGN (0x2)
 *(.jumptables)
 *(.jumptables*)
 *(.lowtext)
 *(.lowtext*)
                0x000001fc                __ctors_start = .
 *(.ctors)
                0x000001fc                __ctors_end = .
                0x000001fc                __dtors_start = .
 *(.dtors)
                0x000001fc                __dtors_end = .
 SORT(*)(.ctors)
 SORT(*)(.dtors)
 *(.init0)
 .init0         0x000001fc        0x0 C:/Program Files (x86)/Atmel/Studio/7.0/Packs/atmel/XMEGAA_DFP/1.0.38/gcc/dev/atxmega128a1u/avrxmega7/crtatxmega128a1u.o
                0x000001fc                __init
 *(.init0)
 *(.init1)
 *(.init1)
 *(.init2)
 .init2         0x000001fc       0x18 C:/Program Files (x86)/Atmel/Studio/7.0/Packs/atmel/XMEGAA_DFP/1.0.38/gcc/dev/atxmega128a1u/avrxmega7/crtatxmega128a1u.o
 *(.init2)
 *(.init3)
 *(.init3)
 *(.init4)
 .init4         0x00000214       0x10 c:/program files (x86)/atmel/studio/7.0/toolchain/avr8/avr8-gnu-toolchain/bin/../lib/gcc/avr/4.9.2/avrxmega7\libgcc.a(_clear_bss.o)
                0x00000214                __do_clear_bss
 *(.init4)
 *(.init5)
 *(.init5)
 *(.init6)
 *(.init6)
 *(.init7)
 *(.init7)
 *(.init8)
 *(.init8)
 *(.init9)
 .init9         0x00000224        0x4 C:/Program Files (x86)/Atmel/Studio/7.0/Packs/atmel/XMEGAA_DFP/1.0.38/gcc/dev/atxmega128a1u/avrxmega7/crtatxmega128a1u.o
 *(.init9)
 *(.text)
 .text          0x00000228        0x2 C:/Program Files (x86)/Atmel/Studio/7.0/Packs/atmel/XMEGAA_DFP/1.0.38/gcc/dev/atxmega128a1u/avrxmega7/crtatxmega128a1u.o
                0x00000228                __vector_38
                0x00000228                __vector_104
                0x00000228                __vector_22
                0x00000228                __vector_63
                0x00000228                __vector_28
                0x00000228                __vector_67
                0x00000228                __vector_1
                0x00000228                __vector_119
                0x00000228                __vector_32
                0x00000228                __vector_75
                0x00000228                __vector_71
                0x00000228                __vector_91
                0x00000228                __vector_34
                0x00000228                __vector_62
                0x00000228                __vector_77
                0x00000228                __vector_102
                0x00000228                __vector_24
                0x00000228                __vector_12
                0x00000228                __vector_55
                0x00000228                __vector_69
                0x00000228                __vector_90
                0x00000228                __vector_46
                0x00000228                __bad_interrupt
                0x00000228                __vector_122
                0x00000228                __vector_72
                0x00000228                __vector_114
                0x00000228                __vector_6
                0x00000228                __vector_110
                0x00000228                __vector_31
                0x00000228                __vector_92
                0x00000228                __vector_35
                0x00000228                __vector_78
                0x00000228                __vector_74
                0x00000228                __vector_117
                0x00000228                __vector_39
                0x00000228                __vector_107
                0x00000228                __vector_3
                0x00000228                __vector_105
                0x00000228                __vector_98
                0x00000228                __vector_23
                0x00000228                __vector_68
                0x00000228                __vector_30
                0x00000228                __vector_73
                0x00000228                __vector_45
                0x00000228                __vector_93
                0x00000228                __vector_61
                0x00000228                __vector_11
                0x00000228                __vector_54
                0x00000228                __vector_99
                0x00000228                __vector_13
                0x00000228                __vector_56
                0x00000228                __vector_7
                0x00000228                __vector_125
                0x00000228                __vector_49
                0x00000228                __vector_123
                0x00000228                __vector_41
                0x00000228                __vector_86
                0x00000228                __vector_100
                0x00000228                __vector_101
                0x00000228                __vector_64
                0x00000228                __vector_88
                0x00000228                __vector_109
                0x00000228                __vector_43
                0x00000228                __vector_27
                0x00000228                __vector_5
                0x00000228                __vector_113
                0x00000228                __vector_33
                0x00000228                __vector_76
                0x00000228                __vector_115
                0x00000228                __vector_52
                0x00000228                __vector_37
                0x00000228                __vector_95
                0x00000228                __vector_103
                0x00000228                __vector_96
                0x00000228                __vector_89
                0x00000228                __vector_4
                0x00000228                __vector_44
                0x00000228                __vector_106
                0x00000228                __vector_118
                0x00000228                __vector_51
                0x00000228                __vector_9
                0x00000228                __vector_2
                0x00000228                __vector_21
                0x00000228                __vector_15
                0x00000228                __vector_66
                0x00000228                __vector_36
                0x00000228                __vector_58
                0x00000228                __vector_70
                0x00000228                __vector_83
                0x00000228                __vector_29
                0x00000228                __vector_60
                0x00000228                __vector_121
                0x00000228                __vector_40
                0x00000228                __vector_85
                0x00000228                __vector_94
                0x00000228                __vector_126
                0x00000228                __vector_8
                0x00000228                __vector_26
                0x00000228                __vector_48
                0x00000228                __vector_124
                0x00000228                __vector_116
                0x00000228                __vector_112
                0x00000228                __vector_111
                0x00000228                __vector_14
                0x00000228                __vector_84
                0x00000228                __vector_57
                0x00000228                __vector_53
                0x00000228                __vector_10
                0x00000228                __vector_50
                0x00000228                __vector_59
                0x00000228                __vector_97
                0x00000228                __vector_20
                0x00000228                __vector_42
                0x00000228                __vector_87
                0x00000228                __vector_65
                0x00000228                __vector_120
                0x0000022a                . = ALIGN (0x2)
 *(.text.*)
 .text.delay1ms
                0x0000022a       0x20 src/include/delays.o
                0x0000022a                delay1ms
 .text.dma_init
                0x0000024a      0x154 src/include/dma.o
                0x0000024a                dma_init
 .text.timers_master_init32
                0x0000039e      0x1a6 src/include/timers.o
                0x0000039e                timers_master_init32
 .text.timers_tau_init32
                0x00000544       0xd8 src/include/timers.o
                0x00000544                timers_tau_init32
 .text.timers_init_all_clocks
                0x0000061c      0x148 src/include/timers.o
                0x0000061c                timers_init_all_clocks
 .text.timers_set_pulse_width
                0x00000764       0x3a src/include/timers.o
                0x00000764                timers_set_pulse_width
 .text.usart_init
                0x0000079e       0x30 src/include/usart.o
                0x0000079e                usart_init
 .text.usart_update_taus32
                0x000007ce       0x76 src/include/usart.o
                0x000007ce                usart_update_taus32
 .text.usart_disable_outputs32
                0x00000844       0x16 src/include/usart.o
                0x00000844                usart_disable_outputs32
 .text.usart_update_pulsewidths
                0x0000085a       0x36 src/include/usart.o
                0x0000085a                usart_update_pulsewidths
 .text.usart_parsebuffer
                0x00000890      0x112 src/include/usart.o
                0x00000890                usart_parsebuffer
 .text.usart_rxbyte
                0x000009a2       0x32 src/include/usart.o
                0x000009a2                usart_rxbyte
 .text.configure_system_clock
                0x000009d4       0x2c src/main.o
                0x000009d4                configure_system_clock
 .text.__vector_16
                0x00000a00       0x1e src/main.o
                0x00000a00                __vector_16
 .text.__vector_17
                0x00000a1e       0x1e src/main.o
                0x00000a1e                __vector_17
 .text.__vector_18
                0x00000a3c       0x1e src/main.o
                0x00000a3c                __vector_18
 .text.__vector_19
                0x00000a5a       0x1e src/main.o
                0x00000a5a                __vector_19
 .text.__vector_79
                0x00000a78       0x1e src/main.o
                0x00000a78                __vector_79
 .text.__vector_80
                0x00000a96       0x1e src/main.o
                0x00000a96                __vector_80
 .text.__vector_81
                0x00000ab4       0x1e src/main.o
                0x00000ab4                __vector_81
 .text.__vector_82
                0x00000ad2       0x1e src/main.o
                0x00000ad2                __vector_82
 .text.__vector_47
                0x00000af0       0x1e src/main.o
                0x00000af0                __vector_47
 .text.__vector_108
                0x00000b0e       0x1e src/main.o
                0x00000b0e                __vector_108
 .text.__vector_25
                0x00000b2c       0x68 src/main.o
                0x00000b2c                __vector_25
 .text.main     0x00000b94       0xaa src/main.o
                0x00000b94                main
 .text.libgcc.div
                0x00000c3e       0x44 c:/program files (x86)/atmel/studio/7.0/toolchain/avr8/avr8-gnu-toolchain/bin/../lib/gcc/avr/4.9.2/avrxmega7\libgcc.a(_udivmodsi4.o)
                0x00000c3e                __udivmodsi4
 .text.avr-libc
                0x00000c82       0x4c c:/program files (x86)/atmel/studio/7.0/toolchain/avr8/avr8-gnu-toolchain/bin/../lib/gcc/avr/4.9.2/../../../../avr/lib/avrxmega7\libc.a(atol.o)
                0x00000c82                atol
 .text.avr-libc
                0x00000cce        0x6 c:/program files (x86)/atmel/studio/7.0/toolchain/avr8/avr8-gnu-toolchain/bin/../lib/gcc/avr/4.9.2/../../../../avr/lib/avrxmega7\libc.a(strtok.o)
                0x00000cce                strtok
 .text.avr-libc
                0x00000cd4       0x4e c:/program files (x86)/atmel/studio/7.0/toolchain/avr8/avr8-gnu-toolchain/bin/../lib/gcc/avr/4.9.2/../../../../avr/lib/avrxmega7\libc.a(strtok_r.o)
                0x00000cd4                strtok_r
 .text.avr-libc
                0x00000d22       0x2a c:/program files (x86)/atmel/studio/7.0/toolchain/avr8/avr8-gnu-toolchain/bin/../lib/gcc/avr/4.9.2/../../../../avr/lib/avrxmega7\libc.a(mulsi10.o)
                0x00000d22                __mulsi_const_10
                0x00000d4c                . = ALIGN (0x2)
 *(.fini9)
 .fini9         0x00000d4c        0x0 c:/program files (x86)/atmel/studio/7.0/toolchain/avr8/avr8-gnu-toolchain/bin/../lib/gcc/avr/4.9.2/avrxmega7\libgcc.a(_exit.o)
                0x00000d4c                _exit
                0x00000d4c                exit
 *(.fini9)
 *(.fini8)
 *(.fini8)
 *(.fini7)
 *(.fini7)
 *(.fini6)
 *(.fini6)
 *(.fini5)
 *(.fini5)
 *(.fini4)
 *(.fini4)
 *(.fini3)
 *(.fini3)
 *(.fini2)
 *(.fini2)
 *(.fini1)
 *(.fini1)
 *(.fini0)
 .fini0         0x00000d4c        0x4 c:/program files (x86)/atmel/studio/7.0/toolchain/avr8/avr8-gnu-toolchain/bin/../lib/gcc/avr/4.9.2/avrxmega7\libgcc.a(_exit.o)
 *(.fini0)
                0x00000d50                _etext = .

.data           0x00802000        0x0 load address 0x00000d50
                0x00802000                PROVIDE (__data_start, .)
 *(.data)
 *(.data*)
 *(.rodata)
 *(.rodata*)
 *(.gnu.linkonce.d*)
                0x00802000                . = ALIGN (0x2)
                0x00802000                _edata = .
                0x00802000                PROVIDE (__data_end, .)

.bss            0x00802000       0x35
                0x00802000                PROVIDE (__bss_start, .)
 *(.bss)
 .bss           0x00802000        0x2 c:/program files (x86)/atmel/studio/7.0/toolchain/avr8/avr8-gnu-toolchain/bin/../lib/gcc/avr/4.9.2/../../../../avr/lib/avrxmega7\libc.a(strtok.o)
 *(.bss*)
 .bss.usart_counter
                0x00802002        0x1 src/include/usart.o
                0x00802002                usart_counter
 *(COMMON)
 COMMON         0x00802003       0x32 src/include/usart.o
                0x00802003                usart_buffer
                0x00802035                PROVIDE (__bss_end, .)
                0x00000d50                __data_load_start = LOADADDR (.data)
                0x00000d50                __data_load_end = (__data_load_start + SIZEOF (.data))

.noinit         0x00802035        0x0
                0x00802035                PROVIDE (__noinit_start, .)
 *(.noinit*)
                0x00802035                PROVIDE (__noinit_end, .)
                0x00802035                _end = .
                0x00802035                PROVIDE (__heap_start, .)

.eeprom         0x00810000        0x0
 *(.eeprom*)
                0x00810000                __eeprom_end = .

.fuse
 *(.fuse)
 *(.lfuse)
 *(.hfuse)
 *(.efuse)

.lock
 *(.lock*)

.signature
 *(.signature*)

.user_signatures
 *(.user_signatures*)

.stab
 *(.stab)

.stabstr
 *(.stabstr)

.stab.excl
 *(.stab.excl)

.stab.exclstr
 *(.stab.exclstr)

.stab.index
 *(.stab.index)

.stab.indexstr
 *(.stab.indexstr)

.comment        0x00000000       0x30
 *(.comment)
 .comment       0x00000000       0x30 src/include/delays.o
                                 0x31 (size before relaxing)
 .comment       0x00000030       0x31 src/include/dma.o
 .comment       0x00000030       0x31 src/include/timers.o
 .comment       0x00000030       0x31 src/include/usart.o
 .comment       0x00000030       0x31 src/main.o
 .comment       0x00000030       0x31 c:/program files (x86)/atmel/studio/7.0/toolchain/avr8/avr8-gnu-toolchain/bin/../lib/gcc/avr/4.9.2/../../../../avr/lib/avrxmega7\libc.a(strtok.o)

.note.gnu.avr.deviceinfo
                0x00000000       0x40
 .note.gnu.avr.deviceinfo
                0x00000000       0x40 C:/Program Files (x86)/Atmel/Studio/7.0/Packs/atmel/XMEGAA_DFP/1.0.38/gcc/dev/atxmega128a1u/avrxmega7/crtatxmega128a1u.o

.note.gnu.build-id
 *(.note.gnu.build-id)

.debug
 *(.debug)

.line
 *(.line)

.debug_srcinfo
 *(.debug_srcinfo)

.debug_sfnames
 *(.debug_sfnames)

.debug_aranges  0x00000000      0x150
 *(.debug_aranges)
 .debug_aranges
                0x00000000       0x20 src/include/delays.o
 .debug_aranges
                0x00000020       0x20 src/include/dma.o
 .debug_aranges
                0x00000040       0x40 src/include/timers.o
 .debug_aranges
                0x00000080       0x50 src/include/usart.o
 .debug_aranges
                0x000000d0       0x80 src/main.o

.debug_pubnames
 *(.debug_pubnames)

.debug_info     0x00000000     0x4513
 *(.debug_info .gnu.linkonce.wi.*)
 .debug_info    0x00000000      0x12d src/include/delays.o
 .debug_info    0x0000012d      0xcb1 src/include/dma.o
 .debug_info    0x00000dde     0x1682 src/include/timers.o
 .debug_info    0x00002460     0x1322 src/include/usart.o
 .debug_info    0x00003782      0xd91 src/main.o

.debug_abbrev   0x00000000      0x857
 *(.debug_abbrev)
 .debug_abbrev  0x00000000       0xd8 src/include/delays.o
 .debug_abbrev  0x000000d8      0x116 src/include/dma.o
 .debug_abbrev  0x000001ee      0x232 src/include/timers.o
 .debug_abbrev  0x00000420      0x24e src/include/usart.o
 .debug_abbrev  0x0000066e      0x1e9 src/main.o

.debug_line     0x00000000     0x1a54
 *(.debug_line .debug_line.* .debug_line_end)
 .debug_line    0x00000000      0x335 src/include/delays.o
 .debug_line    0x00000335      0x4a7 src/include/dma.o
 .debug_line    0x000007dc      0x59e src/include/timers.o
 .debug_line    0x00000d7a      0x533 src/include/usart.o
 .debug_line    0x000012ad      0x7a7 src/main.o

.debug_frame    0x00000000      0x374
 *(.debug_frame)
 .debug_frame   0x00000000       0x24 src/include/delays.o
 .debug_frame   0x00000024       0x24 src/include/dma.o
 .debug_frame   0x00000048       0xc4 src/include/timers.o
 .debug_frame   0x0000010c       0xc4 src/include/usart.o
 .debug_frame   0x000001d0      0x1a4 src/main.o

.debug_str      0x00000000    0x2ed59
 *(.debug_str)
 .debug_str     0x00000000    0x1da2d src/include/delays.o
                              0x1df5d (size before relaxing)
 .debug_str     0x0001da2d     0x12cb src/include/dma.o
                              0x1f209 (size before relaxing)
 .debug_str     0x0001ecf8     0x12b3 src/include/timers.o
                              0x1f82a (size before relaxing)
 .debug_str     0x0001ffab      0x7ae src/include/usart.o
                              0x1eef5 (size before relaxing)
 .debug_str     0x00020759     0xe600 src/main.o
                              0x2ce9a (size before relaxing)

.debug_loc      0x00000000      0x916
 *(.debug_loc)
 .debug_loc     0x00000000       0x6a src/include/delays.o
 .debug_loc     0x0000006a      0x3c5 src/include/timers.o
 .debug_loc     0x0000042f      0x233 src/include/usart.o
 .debug_loc     0x00000662      0x2b4 src/main.o

.debug_macinfo
 *(.debug_macinfo)

.debug_weaknames
 *(.debug_weaknames)

.debug_funcnames
 *(.debug_funcnames)

.debug_typenames
 *(.debug_typenames)

.debug_varnames
 *(.debug_varnames)

.debug_pubtypes
 *(.debug_pubtypes)

.debug_ranges   0x00000000      0x100
 *(.debug_ranges)
 .debug_ranges  0x00000000       0x10 src/include/delays.o
 .debug_ranges  0x00000010       0x10 src/include/dma.o
 .debug_ranges  0x00000020       0x30 src/include/timers.o
 .debug_ranges  0x00000050       0x40 src/include/usart.o
 .debug_ranges  0x00000090       0x70 src/main.o

.debug_macro    0x00000000     0xa81d
 *(.debug_macro)
 .debug_macro   0x00000000      0x108 src/include/delays.o
 .debug_macro   0x00000108      0xa96 src/include/delays.o
 .debug_macro   0x00000b9e       0x10 src/include/delays.o
 .debug_macro   0x00000bae      0x1ad src/include/delays.o
 .debug_macro   0x00000d5b       0x22 src/include/delays.o
 .debug_macro   0x00000d7d       0x1c src/include/delays.o
 .debug_macro   0x00000d99      0x10e src/include/delays.o
 .debug_macro   0x00000ea7       0x66 src/include/delays.o
 .debug_macro   0x00000f0d       0x10 src/include/delays.o
 .debug_macro   0x00000f1d       0x10 src/include/delays.o
 .debug_macro   0x00000f2d      0x299 src/include/delays.o
 .debug_macro   0x000011c6       0x9e src/include/delays.o
 .debug_macro   0x00001264     0x6780 src/include/delays.o
 .debug_macro   0x000079e4       0x9a src/include/delays.o
 .debug_macro   0x00007a7e       0xf1 src/include/delays.o
 .debug_macro   0x00007b6f       0x34 src/include/delays.o
 .debug_macro   0x00007ba3       0x10 src/include/delays.o
 .debug_macro   0x00007bb3       0x18 src/include/delays.o
 .debug_macro   0x00007bcb       0x5e src/include/delays.o
 .debug_macro   0x00007c29       0x69 src/include/delays.o
 .debug_macro   0x00007c92       0x10 src/include/delays.o
 .debug_macro   0x00007ca2       0x12 src/include/delays.o
 .debug_macro   0x00007cb4      0x175 src/include/delays.o
 .debug_macro   0x00007e29       0x10 src/include/delays.o
 .debug_macro   0x00007e39      0x160 src/include/delays.o
 .debug_macro   0x00007f99       0x2e src/include/delays.o
 .debug_macro   0x00007fc7      0x116 src/include/dma.o
 .debug_macro   0x000080dd       0x34 src/include/dma.o
 .debug_macro   0x00008111       0xac src/include/dma.o
 .debug_macro   0x000081bd      0x116 src/include/timers.o
 .debug_macro   0x000082d3       0xa6 src/include/timers.o
 .debug_macro   0x00008379       0x3a src/include/timers.o
 .debug_macro   0x000083b3      0x141 src/include/usart.o
 .debug_macro   0x000084f4       0x28 src/include/usart.o
 .debug_macro   0x0000851c       0x9a src/include/usart.o
 .debug_macro   0x000085b6       0x16 src/include/usart.o
 .debug_macro   0x000085cc       0x20 src/include/usart.o
 .debug_macro   0x000085ec      0x235 src/main.o
 .debug_macro   0x00008821      0x293 src/main.o
 .debug_macro   0x00008ab4       0x10 src/main.o
 .debug_macro   0x00008ac4      0x166 src/main.o
 .debug_macro   0x00008c2a       0x35 src/main.o
 .debug_macro   0x00008c5f      0x644 src/main.o
 .debug_macro   0x000092a3       0x97 src/main.o
 .debug_macro   0x0000933a       0x17 src/main.o
 .debug_macro   0x00009351      0x250 src/main.o
 .debug_macro   0x000095a1       0x76 src/main.o
 .debug_macro   0x00009617       0x16 src/main.o
 .debug_macro   0x0000962d      0x6e3 src/main.o
 .debug_macro   0x00009d10       0x40 src/main.o
 .debug_macro   0x00009d50       0x32 src/main.o
 .debug_macro   0x00009d82       0xe4 src/main.o
 .debug_macro   0x00009e66      0x2a4 src/main.o
 .debug_macro   0x0000a10a      0x530 src/main.o
 .debug_macro   0x0000a63a       0x9a src/main.o
 .debug_macro   0x0000a6d4      0x109 src/main.o
 .debug_macro   0x0000a7dd       0x40 src/main.o
OUTPUT(comsync-a1u.elf elf32-avr)
LOAD linker stubs

.BOOT           0x00020000        0x0
